Successfully added the book with isbn:  123456
Successfully added the book with isbn:  123456
Successfully borrowed the book with isbn:  123456
Successfully added the book with isbn:  123456
Successfully borrowed the book with isbn:  123456
Successfully return the book with isbn:  123456
Successfully added the book with isbn:  123456
Successfully added the book with isbn:  654321
